../Core/Src/main.c:86:5:main	16	static
../Core/Src/main.c:168:6:SystemClock_Config	88	static
../Core/Src/main.c:215:13:MX_ADC1_Init	24	static
../Core/Src/main.c:262:13:MX_ADC2_Init	24	static
../Core/Src/main.c:309:13:MX_I2C2_Init	8	static
../Core/Src/main.c:343:13:MX_TIM1_Init	96	static
../Core/Src/main.c:418:13:MX_TIM3_Init	56	static
../Core/Src/main.c:467:13:MX_TIM4_Init	48	static
../Core/Src/main.c:520:13:MX_GPIO_Init	40	static
../Core/Src/main.c:598:6:Error_Handler	4	static,ignoring_inline_asm
